src
src/lib.rs
src/builder.rs
src/derive.rs
src/main.rs
